Testing `relay_private_reachability_matrix'.
This run has ID `VKXJ20G1'.

  [OK]          InMemoryRelay          0   public legacy send still works.
  [OK]          InMemoryRelay          1   private reject does not bump stats.
  [OK]          InMemoryRelay          2   guessed alias error class matches ...
  [OK]          InMemoryRelay          3   authorised admit survives restart ...
  [OK]          InMemoryRelay          4   room co-membership is not DM route.
  [OK]          InMemoryRelay          5   list_contact_grants redacts secret.
  [OK]          InMemoryRelay          6   send_all skips private without enum.
  [OK]          InMemoryRelay          7   concurrent revoke vs admit lineari...
  [OK]          SqliteRelay            0   public legacy send still works.
  [OK]          SqliteRelay            1   private reject does not bump stats.
  [OK]          SqliteRelay            2   guessed alias error class matches ...
  [OK]          SqliteRelay            3   authorised admit survives restart ...
  [OK]          SqliteRelay            4   room co-membership is not DM route.
  [OK]          SqliteRelay            5   list_contact_grants redacts secret.
  [OK]          SqliteRelay            6   send_all skips private without enum.
  [OK]          SqliteRelay            7   concurrent revoke vs admit lineari...
  [OK]          HTTP matrix            0   anonymous probes denied on token r...
  [OK]          HTTP matrix            1   prod health ads process_local (in-...
  [OK]          HTTP matrix            2   private reject never invokes push_dm.

Full test results in `~/src/c2c/.worktrees/b266-from-master/_build/_tests/relay_private_reachability_matrix'.
Test Successful in 0.320s. 19 tests run.
